// Jest Snapshot v1, https://goo.gl/fbAQLP

exports[`should match snapshot 1`] = `
<DocumentFragment>
  <div>
    <h2>
      Todo
    </h2>
    <div>
      <button>
        +
      </button>
      <p>
        No tasks to show
      </p>
    </div>
  </div>
</DocumentFragment>
`;
